// Jest Snapshot v1, https://goo.gl/fbAQLP

exports[`Pruebas en GifGridItem Se debe de mostrar el componente correctamente 1`] = `
<div
  className="card animate__animated animate__zoomIn"
>
  <img
    alt="Este es solo un titulo de ejemplo"
    src="url"
  />
  <p>
    Este es solo un titulo de ejemplo
  </p>
</div>
`;
